<html>
<body>
<pre>
<h1>µVision Build Log</h1>
<h2>Project:</h2>
C:\Users\Administrator\Documents\GitHub\ClioneF0_STM\Project\UART\MDK-ARM\UART.uvproj
Project File Date:  06/16/2014

<h2>Output:</h2>
Rebuild target 'UART'
compiling main.c...
compiling stm32f0xx_it.c...
compiling system_stm32f0xx.c...
compiling arduino_uart.c...
..\..\..\Libraries\Arduino\src\arduino_uart.c(107): warning:  #174-D: expression has no effect
..\..\..\Libraries\Arduino\src\arduino_uart.c(108): warning:  #174-D: expression has no effect
..\..\..\Libraries\Arduino\src\arduino_uart.c(109): warning:  #174-D: expression has no effect
..\..\..\Libraries\Arduino\src\arduino_uart.c(110): warning:  #174-D: expression has no effect
..\..\..\Libraries\Arduino\src\arduino_uart.c(111): warning:  #174-D: expression has no effect
..\..\..\Libraries\Arduino\src\arduino_uart.c(112): warning:  #174-D: expression has no effect
..\..\..\Libraries\Arduino\src\arduino_uart.c(123): warning:  #174-D: expression has no effect
..\..\..\Libraries\Arduino\src\arduino_uart.c(124): warning:  #174-D: expression has no effect
..\..\..\Libraries\Arduino\src\arduino_uart.c(125): warning:  #174-D: expression has no effect
..\..\..\Libraries\Arduino\src\arduino_uart.c(126): warning:  #174-D: expression has no effect
..\..\..\Libraries\Arduino\src\arduino_uart.c(127): warning:  #174-D: expression has no effect
..\..\..\Libraries\Arduino\src\arduino_uart.c(128): warning:  #174-D: expression has no effect
compiling stm32f0xx_rcc.c...
compiling stm32f0xx_misc.c...
compiling stm32f0xx_gpio.c...
compiling stm32f0xx_syscfg.c...
compiling stm32f0xx_exti.c...
compiling stm32f0xx_tim.c...
compiling stm32f0xx_adc.c...
compiling stm32f0xx_usart.c...
compiling stm32f0xx_i2c.c...
compiling stm32f0xx_spi.c...
assembling startup_stm32f0xx.s...
linking...
Program Size: Code=1404 RO-data=224 RW-data=16 ZI-data=1024  
FromELF: creating hex file...
".\UART\UART.axf" - 0 Errors, 12 Warning(s).
Build target 'UART'
linking...
Program Size: Code=1404 RO-data=224 RW-data=16 ZI-data=1024  
FromELF: creating hex file...
".\UART\UART.axf" - 0 Errors, 0 Warning(s).
