<html>
<body>
<pre>
<h1>µVision Build Log</h1>
<h2>Project:</h2>
C:\Users\Administrator\Documents\GitHub\ClioneF0_STM\Project\Peripheral_Examples\TIM_PWM_Output\MDK-ARM\TIM_PWM_Output.uvproj
Project File Date:  05/07/2014

<h2>Output:</h2>
Rebuild target 'TIM_PWM_Output'
compiling main.c...
..\main.c(965): warning:  #174-D: expression has no effect
..\main.c(966): warning:  #174-D: expression has no effect
..\main.c(967): warning:  #174-D: expression has no effect
..\main.c(968): warning:  #174-D: expression has no effect
..\main.c(969): warning:  #174-D: expression has no effect
..\main.c(970): warning:  #174-D: expression has no effect
..\main.c(981): warning:  #174-D: expression has no effect
..\main.c(982): warning:  #174-D: expression has no effect
..\main.c(983): warning:  #174-D: expression has no effect
..\main.c(984): warning:  #174-D: expression has no effect
..\main.c(985): warning:  #174-D: expression has no effect
..\main.c(986): warning:  #174-D: expression has no effect
..\main.c(997): warning:  #174-D: expression has no effect
..\main.c(998): warning:  #174-D: expression has no effect
..\main.c(999): warning:  #174-D: expression has no effect
..\main.c(1000): warning:  #174-D: expression has no effect
..\main.c(1001): warning:  #174-D: expression has no effect
..\main.c(1002): warning:  #174-D: expression has no effect
compiling stm32f0xx_it.c...
compiling system_stm32f0xx.c...
compiling stm32f0_discovery.c...
compiling stm32f0xx_rcc.c...
compiling stm32f0xx_misc.c...
compiling stm32f0xx_gpio.c...
compiling stm32f0xx_syscfg.c...
compiling stm32f0xx_exti.c...
compiling stm32f0xx_tim.c...
compiling stm32f0xx_adc.c...
compiling stm32f0xx_usart.c...
compiling stm32f0xx_i2c.c...
compiling stm32f0xx_spi.c...
assembling startup_stm32f0xx.s...
linking...
Program Size: Code=1820 RO-data=224 RW-data=28 ZI-data=1028  
FromELF: creating hex file...
".\TIM_PWM_Output\TIM_PWM_Output.axf" - 0 Errors, 18 Warning(s).
