<html>
<body>
<pre>
<h1>µVision Build Log</h1>
<h2>Project:</h2>
C:\Users\Administrator\Documents\GitHub\ClioneF0_STM\Project\SPI\MDK-ARM\SPI.uvproj
Project File Date:  06/16/2014

<h2>Output:</h2>
Build target 'SPI'
compiling main.c...
..\main.c(56): warning:  #550-D: variable "adc_reading" was set but never used
compiling stm32f0xx_it.c...
compiling system_stm32f0xx.c...
compiling arduino_spi.c...
..\..\..\Libraries\Arduino\src\arduino_spi.c(21): error:  #5: cannot open source input file "arduino_spi.h": No such file or directory
compiling stm32f0xx_rcc.c...
compiling stm32f0xx_misc.c...
compiling stm32f0xx_gpio.c...
compiling stm32f0xx_syscfg.c...
compiling stm32f0xx_exti.c...
compiling stm32f0xx_tim.c...
compiling stm32f0xx_adc.c...
compiling stm32f0xx_usart.c...
compiling stm32f0xx_i2c.c...
compiling stm32f0xx_spi.c...
assembling startup_stm32f0xx.s...
".\SPI\SPI.axf" - 1 Errors, 1 Warning(s).
Target not created
Build target 'SPI'
compiling main.c...
..\main.c(22): error:  #5: cannot open source input file "arduino_spi.h": No such file or directory
compiling arduino_spi.c...
..\..\..\Libraries\Arduino\src\arduino_spi.c(21): error:  #5: cannot open source input file "arduino_spi.h": No such file or directory
".\SPI\SPI.axf" - 2 Errors, 0 Warning(s).
Target not created
Build target 'SPI'
compiling main.c...
..\main.c(59): warning:  #223-D: function "ADC1_CH_Config" declared implicitly
..\main.c(66): warning:  #223-D: function "analogRead" declared implicitly
..\main.c(66): error:  #20: identifier "A0" is undefined
..\main.c(56): warning:  #550-D: variable "adc_reading" was set but never used
compiling arduino_spi.c...
..\..\..\Libraries\Arduino\src\arduino_spi.c(36): error:  #20: identifier "D11" is undefined
..\..\..\Libraries\Arduino\src\arduino_spi.c(63): error:  #20: identifier "D10" is undefined
".\SPI\SPI.axf" - 3 Errors, 3 Warning(s).
Target not created
Rebuild target 'SPI'
compiling main.c...
compiling stm32f0xx_it.c...
compiling system_stm32f0xx.c...
compiling arduino_spi.c...
..\..\..\Libraries\Arduino\src\arduino_spi.c(36): error:  #20: identifier "D11" is undefined
..\..\..\Libraries\Arduino\src\arduino_spi.c(63): error:  #20: identifier "D10" is undefined
compiling stm32f0xx_rcc.c...
compiling stm32f0xx_misc.c...
compiling stm32f0xx_gpio.c...
compiling stm32f0xx_syscfg.c...
compiling stm32f0xx_exti.c...
compiling stm32f0xx_tim.c...
compiling stm32f0xx_adc.c...
compiling stm32f0xx_usart.c...
compiling stm32f0xx_i2c.c...
compiling stm32f0xx_spi.c...
assembling startup_stm32f0xx.s...
".\SPI\SPI.axf" - 2 Errors, 0 Warning(s).
Target not created
Build target 'SPI'
compiling main.c...
compiling arduino_spi.c...
linking...
Program Size: Code=840 RO-data=208 RW-data=0 ZI-data=1024  
FromELF: creating hex file...
".\SPI\SPI.axf" - 0 Errors, 0 Warning(s).
Rebuild target 'SPI'
compiling main.c...
compiling stm32f0xx_it.c...
compiling system_stm32f0xx.c...
compiling arduino_spi.c...
compiling stm32f0xx_rcc.c...
compiling stm32f0xx_misc.c...
compiling stm32f0xx_gpio.c...
compiling stm32f0xx_syscfg.c...
compiling stm32f0xx_exti.c...
compiling stm32f0xx_tim.c...
compiling stm32f0xx_adc.c...
compiling stm32f0xx_usart.c...
compiling stm32f0xx_i2c.c...
compiling stm32f0xx_spi.c...
assembling startup_stm32f0xx.s...
linking...
Program Size: Code=840 RO-data=208 RW-data=0 ZI-data=1024  
FromELF: creating hex file...
".\SPI\SPI.axf" - 0 Errors, 0 Warning(s).
