<html>
<body>
<pre>
<h1>µVision Build Log</h1>
<h2>Project:</h2>
C:\Users\Patrick\Documents\GitHub\ClioneF0_STM\Project\ADC\MDK-ARM\ADC.uvproj
Project File Date:  06/15/2014

<h2>Output:</h2>
Clean started: Project: 'ADC'
   deleting intermediate output files for target 'ADC'
Rebuild target 'ADC'
compiling main.c...
..\main.c(957): warning:  #174-D: expression has no effect
..\main.c(958): warning:  #174-D: expression has no effect
..\main.c(959): warning:  #174-D: expression has no effect
..\main.c(960): warning:  #174-D: expression has no effect
..\main.c(961): warning:  #174-D: expression has no effect
..\main.c(962): warning:  #174-D: expression has no effect
..\main.c(973): warning:  #174-D: expression has no effect
..\main.c(974): warning:  #174-D: expression has no effect
..\main.c(975): warning:  #174-D: expression has no effect
..\main.c(976): warning:  #174-D: expression has no effect
..\main.c(977): warning:  #174-D: expression has no effect
..\main.c(978): warning:  #174-D: expression has no effect
..\main.c(989): warning:  #174-D: expression has no effect
..\main.c(990): warning:  #174-D: expression has no effect
..\main.c(991): warning:  #174-D: expression has no effect
..\main.c(992): warning:  #174-D: expression has no effect
..\main.c(993): warning:  #174-D: expression has no effect
..\main.c(994): warning:  #174-D: expression has no effect
compiling stm32f0xx_it.c...
compiling system_stm32f0xx.c...
compiling stm32f0xx_rcc.c...
compiling stm32f0xx_misc.c...
compiling stm32f0xx_gpio.c...
compiling stm32f0xx_syscfg.c...
compiling stm32f0xx_exti.c...
compiling stm32f0xx_tim.c...
compiling stm32f0xx_adc.c...
compiling stm32f0xx_usart.c...
compiling stm32f0xx_i2c.c...
compiling stm32f0xx_spi.c...
assembling startup_stm32f0xx.s...
linking...
Program Size: Code=1820 RO-data=224 RW-data=28 ZI-data=1028  
FromELF: creating hex file...
".\ADC\ADC.axf" - 0 Errors, 18 Warning(s).
Clean started: Project: 'ADC'
   deleting intermediate output files for target 'ADC'
Build target 'ADC'
compiling main.c...
..\..\..\Libraries\Arduino\inc\arduino_adc.h(75): warning:  #1-D: last line of file ends without a newline
..\main.c(654): warning:  #174-D: expression has no effect
..\main.c(655): warning:  #174-D: expression has no effect
..\main.c(656): warning:  #174-D: expression has no effect
..\main.c(657): warning:  #174-D: expression has no effect
..\main.c(658): warning:  #174-D: expression has no effect
..\main.c(659): warning:  #174-D: expression has no effect
..\main.c(670): warning:  #174-D: expression has no effect
..\main.c(671): warning:  #174-D: expression has no effect
..\main.c(672): warning:  #174-D: expression has no effect
..\main.c(673): warning:  #174-D: expression has no effect
..\main.c(674): warning:  #174-D: expression has no effect
..\main.c(675): warning:  #174-D: expression has no effect
compiling stm32f0xx_it.c...
compiling system_stm32f0xx.c...
compiling arduino_adc.c...
..\..\..\Libraries\Arduino\inc\arduino_adc.h(75): warning:  #1-D: last line of file ends without a newline
..\..\..\Libraries\Arduino\src\arduino_adc.c(332): warning:  #174-D: expression has no effect
..\..\..\Libraries\Arduino\src\arduino_adc.c(333): warning:  #174-D: expression has no effect
..\..\..\Libraries\Arduino\src\arduino_adc.c(334): warning:  #174-D: expression has no effect
..\..\..\Libraries\Arduino\src\arduino_adc.c(335): warning:  #174-D: expression has no effect
..\..\..\Libraries\Arduino\src\arduino_adc.c(336): warning:  #174-D: expression has no effect
..\..\..\Libraries\Arduino\src\arduino_adc.c(337): warning:  #174-D: expression has no effect
compiling stm32f0xx_rcc.c...
compiling stm32f0xx_misc.c...
compiling stm32f0xx_gpio.c...
compiling stm32f0xx_syscfg.c...
compiling stm32f0xx_exti.c...
compiling stm32f0xx_tim.c...
compiling stm32f0xx_adc.c...
compiling stm32f0xx_usart.c...
compiling stm32f0xx_i2c.c...
compiling stm32f0xx_spi.c...
assembling startup_stm32f0xx.s...
linking...
Program Size: Code=3076 RO-data=224 RW-data=24 ZI-data=1024  
FromELF: creating hex file...
".\ADC\ADC.axf" - 0 Errors, 20 Warning(s).
Clean started: Project: 'ADC'
   deleting intermediate output files for target 'ADC'
Rebuild target 'ADC'
compiling main.c...
..\..\..\Libraries\Arduino\inc\arduino_adc.h(62): warning:  #1-D: last line of file ends without a newline
..\main.c(56): warning:  #550-D: variable "adc_reading" was set but never used
compiling stm32f0xx_it.c...
compiling system_stm32f0xx.c...
compiling arduino_adc.c...
..\..\..\Libraries\Arduino\inc\arduino_adc.h(62): warning:  #1-D: last line of file ends without a newline
..\..\..\Libraries\Arduino\src\arduino_adc.c(278): warning:  #223-D: function "ADC_delay" declared implicitly
..\..\..\Libraries\Arduino\src\arduino_adc.c(328): error:  #159: declaration is incompatible with previous "ADC_delay" (declared at line 278)
..\..\..\Libraries\Arduino\src\arduino_adc.c(332): warning:  #174-D: expression has no effect
..\..\..\Libraries\Arduino\src\arduino_adc.c(333): warning:  #174-D: expression has no effect
..\..\..\Libraries\Arduino\src\arduino_adc.c(334): warning:  #174-D: expression has no effect
..\..\..\Libraries\Arduino\src\arduino_adc.c(335): warning:  #174-D: expression has no effect
..\..\..\Libraries\Arduino\src\arduino_adc.c(336): warning:  #174-D: expression has no effect
..\..\..\Libraries\Arduino\src\arduino_adc.c(337): warning:  #174-D: expression has no effect
compiling stm32f0xx_rcc.c...
compiling stm32f0xx_misc.c...
compiling stm32f0xx_gpio.c...
compiling stm32f0xx_syscfg.c...
compiling stm32f0xx_exti.c...
compiling stm32f0xx_tim.c...
compiling stm32f0xx_adc.c...
compiling stm32f0xx_usart.c...
compiling stm32f0xx_i2c.c...
compiling stm32f0xx_spi.c...
assembling startup_stm32f0xx.s...
".\ADC\ADC.axf" - 1 Errors, 10 Warning(s).
Target not created
Clean started: Project: 'ADC'
   deleting intermediate output files for target 'ADC'
Rebuild target 'ADC'
compiling main.c...
..\..\..\Libraries\Arduino\inc\arduino_adc.h(67): warning:  #1-D: last line of file ends without a newline
..\main.c(56): warning:  #550-D: variable "adc_reading" was set but never used
compiling stm32f0xx_it.c...
compiling system_stm32f0xx.c...
compiling arduino_adc.c...
..\..\..\Libraries\Arduino\inc\arduino_adc.h(67): warning:  #1-D: last line of file ends without a newline
..\..\..\Libraries\Arduino\src\arduino_adc.c(332): warning:  #174-D: expression has no effect
..\..\..\Libraries\Arduino\src\arduino_adc.c(333): warning:  #174-D: expression has no effect
..\..\..\Libraries\Arduino\src\arduino_adc.c(334): warning:  #174-D: expression has no effect
..\..\..\Libraries\Arduino\src\arduino_adc.c(335): warning:  #174-D: expression has no effect
..\..\..\Libraries\Arduino\src\arduino_adc.c(336): warning:  #174-D: expression has no effect
..\..\..\Libraries\Arduino\src\arduino_adc.c(337): warning:  #174-D: expression has no effect
compiling stm32f0xx_rcc.c...
compiling stm32f0xx_misc.c...
compiling stm32f0xx_gpio.c...
compiling stm32f0xx_syscfg.c...
compiling stm32f0xx_exti.c...
compiling stm32f0xx_tim.c...
compiling stm32f0xx_adc.c...
compiling stm32f0xx_usart.c...
compiling stm32f0xx_i2c.c...
compiling stm32f0xx_spi.c...
assembling startup_stm32f0xx.s...
linking...
Program Size: Code=1996 RO-data=224 RW-data=4 ZI-data=1028  
FromELF: creating hex file...
".\ADC\ADC.axf" - 0 Errors, 9 Warning(s).
Rebuild target 'ADC'
compiling main.c...
..\main.c(56): warning:  #550-D: variable "adc_reading" was set but never used
compiling stm32f0xx_it.c...
compiling system_stm32f0xx.c...
compiling arduino_adc.c...
..\..\..\Libraries\Arduino\src\arduino_adc.c(332): warning:  #174-D: expression has no effect
..\..\..\Libraries\Arduino\src\arduino_adc.c(333): warning:  #174-D: expression has no effect
..\..\..\Libraries\Arduino\src\arduino_adc.c(334): warning:  #174-D: expression has no effect
..\..\..\Libraries\Arduino\src\arduino_adc.c(335): warning:  #174-D: expression has no effect
..\..\..\Libraries\Arduino\src\arduino_adc.c(336): warning:  #174-D: expression has no effect
..\..\..\Libraries\Arduino\src\arduino_adc.c(337): warning:  #174-D: expression has no effect
compiling stm32f0xx_rcc.c...
compiling stm32f0xx_misc.c...
compiling stm32f0xx_gpio.c...
compiling stm32f0xx_syscfg.c...
compiling stm32f0xx_exti.c...
compiling stm32f0xx_tim.c...
compiling stm32f0xx_adc.c...
compiling stm32f0xx_usart.c...
compiling stm32f0xx_i2c.c...
compiling stm32f0xx_spi.c...
assembling startup_stm32f0xx.s...
linking...
Program Size: Code=1996 RO-data=224 RW-data=4 ZI-data=1028  
FromELF: creating hex file...
".\ADC\ADC.axf" - 0 Errors, 7 Warning(s).
Load "C:\\Users\\Patrick\\Documents\\GitHub\\ClioneF0_STM\\Project\\ADC\\MDK-ARM\\ADC\\ADC.axf" 
No Algorithm found for: 08000000H - 080008AFH
Erase skipped!
Load "C:\\Users\\Patrick\\Documents\\GitHub\\ClioneF0_STM\\Project\\ADC\\MDK-ARM\\ADC\\ADC.axf" 
Full Chip Erase Done.
Programming Done.
Verify OK.
Load "C:\\Users\\Patrick\\Documents\\GitHub\\ClioneF0_STM\\Project\\ADC\\MDK-ARM\\ADC\\ADC.axf" 
Full Chip Erase Done.
Programming Done.
Verify OK.
Build target 'ADC'
compiling main.c...
..\main.c(56): warning:  #550-D: variable "adc_reading" was set but never used
compiling stm32f0xx_it.c...
compiling system_stm32f0xx.c...
compiling arduino_adc.c...
..\..\..\Libraries\Arduino\src\arduino_adc.c(332): warning:  #174-D: expression has no effect
..\..\..\Libraries\Arduino\src\arduino_adc.c(333): warning:  #174-D: expression has no effect
..\..\..\Libraries\Arduino\src\arduino_adc.c(334): warning:  #174-D: expression has no effect
..\..\..\Libraries\Arduino\src\arduino_adc.c(335): warning:  #174-D: expression has no effect
..\..\..\Libraries\Arduino\src\arduino_adc.c(336): warning:  #174-D: expression has no effect
..\..\..\Libraries\Arduino\src\arduino_adc.c(337): warning:  #174-D: expression has no effect
compiling stm32f0xx_rcc.c...
compiling stm32f0xx_misc.c...
compiling stm32f0xx_gpio.c...
compiling stm32f0xx_syscfg.c...
compiling stm32f0xx_exti.c...
compiling stm32f0xx_tim.c...
compiling stm32f0xx_adc.c...
compiling stm32f0xx_usart.c...
compiling stm32f0xx_i2c.c...
compiling stm32f0xx_spi.c...
linking...
Program Size: Code=1996 RO-data=224 RW-data=4 ZI-data=1028  
FromELF: creating hex file...
".\ADC\ADC.axf" - 0 Errors, 7 Warning(s).
Load "C:\\Users\\Patrick\\Documents\\GitHub\\ClioneF0_STM\\Project\\ADC\\MDK-ARM\\ADC\\ADC.axf" 
Full Chip Erase Done.
Programming Done.
Verify OK.
