<html>
<body>
<pre>
<h1>µVision Build Log</h1>
<h2>Project:</h2>
C:\Users\Administrator\Documents\GitHub\ClioneF0_STM\Project\I2C\MDK-ARM\I2C.uvproj
Project File Date:  06/16/2014

<h2>Output:</h2>
Build target 'I2C'
compiling main.c...
..\main.c(56): warning:  #550-D: variable "adc_reading" was set but never used
compiling stm32f0xx_it.c...
compiling system_stm32f0xx.c...
compiling arduino_i2c.c...
compiling stm32f0xx_rcc.c...
compiling stm32f0xx_misc.c...
compiling stm32f0xx_gpio.c...
compiling stm32f0xx_syscfg.c...
compiling stm32f0xx_exti.c...
compiling stm32f0xx_tim.c...
compiling stm32f0xx_adc.c...
compiling stm32f0xx_usart.c...
compiling stm32f0xx_i2c.c...
compiling stm32f0xx_spi.c...
assembling startup_stm32f0xx.s...
linking...
.\I2C\I2C.axf: Error: L6218E: Undefined symbol ADC1_CH_Config (referred from main.o).
.\I2C\I2C.axf: Error: L6218E: Undefined symbol analogRead (referred from main.o).
".\I2C\I2C.axf" - 2 Errors, 1 Warning(s).
Target not created
Build target 'I2C'
compiling main.c...
compiling arduino_i2c.c...
linking...
Program Size: Code=320 RO-data=208 RW-data=0 ZI-data=1024  
FromELF: creating hex file...
".\I2C\I2C.axf" - 0 Errors, 0 Warning(s).
Rebuild target 'I2C'
compiling main.c...
compiling stm32f0xx_it.c...
compiling system_stm32f0xx.c...
compiling arduino_i2c.c...
compiling stm32f0xx_rcc.c...
compiling stm32f0xx_misc.c...
compiling stm32f0xx_gpio.c...
compiling stm32f0xx_syscfg.c...
compiling stm32f0xx_exti.c...
compiling stm32f0xx_tim.c...
compiling stm32f0xx_adc.c...
compiling stm32f0xx_usart.c...
compiling stm32f0xx_i2c.c...
compiling stm32f0xx_spi.c...
assembling startup_stm32f0xx.s...
linking...
Program Size: Code=320 RO-data=208 RW-data=0 ZI-data=1024  
FromELF: creating hex file...
".\I2C\I2C.axf" - 0 Errors, 0 Warning(s).
