<html>
<body>
<pre>
<h1>µVision Build Log</h1>
<h2>Project:</h2>
C:\Users\Administrator\Documents\GitHub\ClioneF0_STM\Project\I2C\MDK-ARM\I2C.uvproj
Project File Date:  06/16/2014

<h2>Output:</h2>
Build target 'I2C'
compiling arduino_i2c.c...
linking...
Program Size: Code=840 RO-data=208 RW-data=0 ZI-data=1024  
FromELF: creating hex file...
".\I2C\I2C.axf" - 0 Errors, 0 Warning(s).
Rebuild target 'I2C'
compiling main.c...
..\main.c(82): warning:  #174-D: expression has no effect
..\main.c(83): warning:  #174-D: expression has no effect
..\main.c(84): warning:  #174-D: expression has no effect
..\main.c(85): warning:  #174-D: expression has no effect
..\main.c(86): warning:  #174-D: expression has no effect
..\main.c(87): warning:  #174-D: expression has no effect
compiling stm32f0xx_it.c...
compiling system_stm32f0xx.c...
compiling arduino_i2c.c...
compiling stm32f0xx_rcc.c...
compiling stm32f0xx_misc.c...
compiling stm32f0xx_gpio.c...
compiling stm32f0xx_syscfg.c...
compiling stm32f0xx_exti.c...
compiling stm32f0xx_tim.c...
compiling stm32f0xx_adc.c...
compiling stm32f0xx_usart.c...
compiling stm32f0xx_i2c.c...
compiling stm32f0xx_spi.c...
assembling startup_stm32f0xx.s...
linking...
Program Size: Code=840 RO-data=208 RW-data=0 ZI-data=1024  
FromELF: creating hex file...
".\I2C\I2C.axf" - 0 Errors, 6 Warning(s).
Load "C:\\Users\\Administrator\\Documents\\GitHub\\ClioneF0_STM\\Project\\I2C\\MDK-ARM\\I2C\\I2C.axf" 
Full Chip Erase Done.
Programming Done.
Verify OK.
Application running ...
Build target 'I2C'
compiling arduino_i2c.c...
linking...
Program Size: Code=836 RO-data=208 RW-data=0 ZI-data=1024  
FromELF: creating hex file...
".\I2C\I2C.axf" - 0 Errors, 0 Warning(s).
Load "C:\\Users\\Administrator\\Documents\\GitHub\\ClioneF0_STM\\Project\\I2C\\MDK-ARM\\I2C\\I2C.axf" 
Full Chip Erase Done.
Programming Done.
Verify OK.
Application running ...
Build target 'I2C'
compiling main.c...
..\main.c(82): warning:  #174-D: expression has no effect
..\main.c(83): warning:  #174-D: expression has no effect
..\main.c(84): warning:  #174-D: expression has no effect
..\main.c(85): warning:  #174-D: expression has no effect
..\main.c(86): warning:  #174-D: expression has no effect
..\main.c(87): warning:  #174-D: expression has no effect
compiling arduino_i2c.c...
linking...
Program Size: Code=840 RO-data=208 RW-data=0 ZI-data=1024  
FromELF: creating hex file...
".\I2C\I2C.axf" - 0 Errors, 6 Warning(s).
Load "C:\\Users\\Administrator\\Documents\\GitHub\\ClioneF0_STM\\Project\\I2C\\MDK-ARM\\I2C\\I2C.axf" 
Full Chip Erase Done.
Programming Done.
Verify OK.
Application running ...
