<html>
<body>
<pre>
<h1>µVision Build Log</h1>
<h2>Project:</h2>
C:\Users\Administrator\Documents\GitHub\ClioneF0_STM\Project\PWM\MDK-ARM\PWM.uvproj
Project File Date:  06/16/2014

<h2>Output:</h2>
Build target 'PWM'
compiling main.c...
compiling stm32f0xx_it.c...
compiling system_stm32f0xx.c...
compiling arduino_pwm.c...
..\..\..\Libraries\Arduino\src\arduino_pwm.c(68): error:  #20: identifier "TimerPeriod" is undefined
..\..\..\Libraries\Arduino\src\arduino_pwm.c(70): error:  #20: identifier "ChannelPulse" is undefined
..\..\..\Libraries\Arduino\src\arduino_pwm.c(80): error:  #20: identifier "TIM_TimeBaseStructure" is undefined
..\..\..\Libraries\Arduino\src\arduino_pwm.c(88): error:  #20: identifier "TIM_OCInitStructure" is undefined
..\..\..\Libraries\Arduino\src\arduino_pwm.c(112): error:  #20: identifier "TIM_TimeBaseStructure" is undefined
..\..\..\Libraries\Arduino\src\arduino_pwm.c(121): error:  #20: identifier "TIM_OCInitStructure" is undefined
..\..\..\Libraries\Arduino\src\arduino_pwm.c(143): error:  #20: identifier "TIM_TimeBaseStructure" is undefined
..\..\..\Libraries\Arduino\src\arduino_pwm.c(151): error:  #20: identifier "TIM_OCInitStructure" is undefined
..\..\..\Libraries\Arduino\src\arduino_pwm.c(174): error:  #20: identifier "TIM_TimeBaseStructure" is undefined
..\..\..\Libraries\Arduino\src\arduino_pwm.c(182): error:  #20: identifier "TIM_OCInitStructure" is undefined
..\..\..\Libraries\Arduino\src\arduino_pwm.c(206): error:  #20: identifier "TIM_TimeBaseStructure" is undefined
..\..\..\Libraries\Arduino\src\arduino_pwm.c(215): error:  #20: identifier "TIM_OCInitStructure" is undefined
..\..\..\Libraries\Arduino\src\arduino_pwm.c(239): error:  #20: identifier "TIM_TimeBaseStructure" is undefined
..\..\..\Libraries\Arduino\src\arduino_pwm.c(247): error:  #20: identifier "TIM_OCInitStructure" is undefined
compiling stm32f0xx_rcc.c...
compiling stm32f0xx_misc.c...
compiling stm32f0xx_gpio.c...
compiling stm32f0xx_syscfg.c...
compiling stm32f0xx_exti.c...
compiling stm32f0xx_tim.c...
compiling stm32f0xx_adc.c...
compiling stm32f0xx_usart.c...
compiling stm32f0xx_i2c.c...
compiling stm32f0xx_spi.c...
assembling startup_stm32f0xx.s...
".\PWM\PWM.axf" - 14 Errors, 0 Warning(s).
Target not created
Build target 'PWM'
compiling arduino_pwm.c...
..\..\..\Libraries\Arduino\src\arduino_pwm.c(72): error:  #20: identifier "ChannelPulse" is undefined
..\..\..\Libraries\Arduino\src\arduino_pwm.c(82): error:  #20: identifier "TIM_TimeBaseStructure" is undefined
..\..\..\Libraries\Arduino\src\arduino_pwm.c(90): error:  #20: identifier "TIM_OCInitStructure" is undefined
..\..\..\Libraries\Arduino\src\arduino_pwm.c(114): error:  #20: identifier "TIM_TimeBaseStructure" is undefined
..\..\..\Libraries\Arduino\src\arduino_pwm.c(123): error:  #20: identifier "TIM_OCInitStructure" is undefined
..\..\..\Libraries\Arduino\src\arduino_pwm.c(145): error:  #20: identifier "TIM_TimeBaseStructure" is undefined
..\..\..\Libraries\Arduino\src\arduino_pwm.c(153): error:  #20: identifier "TIM_OCInitStructure" is undefined
..\..\..\Libraries\Arduino\src\arduino_pwm.c(176): error:  #20: identifier "TIM_TimeBaseStructure" is undefined
..\..\..\Libraries\Arduino\src\arduino_pwm.c(184): error:  #20: identifier "TIM_OCInitStructure" is undefined
..\..\..\Libraries\Arduino\src\arduino_pwm.c(208): error:  #20: identifier "TIM_TimeBaseStructure" is undefined
..\..\..\Libraries\Arduino\src\arduino_pwm.c(217): error:  #20: identifier "TIM_OCInitStructure" is undefined
..\..\..\Libraries\Arduino\src\arduino_pwm.c(241): error:  #20: identifier "TIM_TimeBaseStructure" is undefined
..\..\..\Libraries\Arduino\src\arduino_pwm.c(249): error:  #20: identifier "TIM_OCInitStructure" is undefined
".\PWM\PWM.axf" - 13 Errors, 0 Warning(s).
Target not created
Rebuild target 'PWM'
compiling main.c...
compiling stm32f0xx_it.c...
compiling system_stm32f0xx.c...
compiling arduino_pwm.c...
..\..\..\Libraries\Arduino\src\arduino_pwm.c(83): error:  #20: identifier "TIM_TimeBaseStructure" is undefined
..\..\..\Libraries\Arduino\src\arduino_pwm.c(91): error:  #20: identifier "TIM_OCInitStructure" is undefined
..\..\..\Libraries\Arduino\src\arduino_pwm.c(115): error:  #20: identifier "TIM_TimeBaseStructure" is undefined
..\..\..\Libraries\Arduino\src\arduino_pwm.c(124): error:  #20: identifier "TIM_OCInitStructure" is undefined
..\..\..\Libraries\Arduino\src\arduino_pwm.c(146): error:  #20: identifier "TIM_TimeBaseStructure" is undefined
..\..\..\Libraries\Arduino\src\arduino_pwm.c(154): error:  #20: identifier "TIM_OCInitStructure" is undefined
..\..\..\Libraries\Arduino\src\arduino_pwm.c(177): error:  #20: identifier "TIM_TimeBaseStructure" is undefined
..\..\..\Libraries\Arduino\src\arduino_pwm.c(185): error:  #20: identifier "TIM_OCInitStructure" is undefined
..\..\..\Libraries\Arduino\src\arduino_pwm.c(209): error:  #20: identifier "TIM_TimeBaseStructure" is undefined
..\..\..\Libraries\Arduino\src\arduino_pwm.c(218): error:  #20: identifier "TIM_OCInitStructure" is undefined
..\..\..\Libraries\Arduino\src\arduino_pwm.c(242): error:  #20: identifier "TIM_TimeBaseStructure" is undefined
..\..\..\Libraries\Arduino\src\arduino_pwm.c(250): error:  #20: identifier "TIM_OCInitStructure" is undefined
compiling stm32f0xx_rcc.c...
compiling stm32f0xx_misc.c...
compiling stm32f0xx_gpio.c...
compiling stm32f0xx_syscfg.c...
compiling stm32f0xx_exti.c...
compiling stm32f0xx_tim.c...
compiling stm32f0xx_adc.c...
compiling stm32f0xx_usart.c...
compiling stm32f0xx_i2c.c...
compiling stm32f0xx_spi.c...
assembling startup_stm32f0xx.s...
".\PWM\PWM.axf" - 12 Errors, 0 Warning(s).
Target not created
Build target 'PWM'
compiling arduino_pwm.c...
linking...
Program Size: Code=1868 RO-data=224 RW-data=24 ZI-data=1056  
FromELF: creating hex file...
".\PWM\PWM.axf" - 0 Errors, 0 Warning(s).
Rebuild target 'PWM'
compiling main.c...
compiling stm32f0xx_it.c...
compiling system_stm32f0xx.c...
compiling arduino_pwm.c...
compiling stm32f0xx_rcc.c...
compiling stm32f0xx_misc.c...
compiling stm32f0xx_gpio.c...
compiling stm32f0xx_syscfg.c...
compiling stm32f0xx_exti.c...
compiling stm32f0xx_tim.c...
compiling stm32f0xx_adc.c...
compiling stm32f0xx_usart.c...
compiling stm32f0xx_i2c.c...
compiling stm32f0xx_spi.c...
assembling startup_stm32f0xx.s...
linking...
Program Size: Code=1868 RO-data=224 RW-data=24 ZI-data=1056  
FromELF: creating hex file...
".\PWM\PWM.axf" - 0 Errors, 0 Warning(s).
