<html>
<body>
<pre>
<h1>µVision Build Log</h1>
<h2>Project:</h2>
C:\Users\Administrator\Documents\GitHub\ClioneF0_STM\Project\TIM_PWM_Output\MDK-ARM\TIM_PWM_Output.uvproj
Project File Date:  06/15/2014

<h2>Output:</h2>
Build target 'TIM_PWM_Output'
linking...
Program Size: Code=1820 RO-data=224 RW-data=28 ZI-data=1028  
FromELF: creating hex file...
".\TIM_PWM_Output\TIM_PWM_Output.axf" - 0 Errors, 0 Warning(s).
Rebuild target 'TIM_PWM_Output'
compiling main.c...
..\main.c(957): warning:  #174-D: expression has no effect
..\main.c(958): warning:  #174-D: expression has no effect
..\main.c(959): warning:  #174-D: expression has no effect
..\main.c(960): warning:  #174-D: expression has no effect
..\main.c(961): warning:  #174-D: expression has no effect
..\main.c(962): warning:  #174-D: expression has no effect
..\main.c(973): warning:  #174-D: expression has no effect
..\main.c(974): warning:  #174-D: expression has no effect
..\main.c(975): warning:  #174-D: expression has no effect
..\main.c(976): warning:  #174-D: expression has no effect
..\main.c(977): warning:  #174-D: expression has no effect
..\main.c(978): warning:  #174-D: expression has no effect
..\main.c(989): warning:  #174-D: expression has no effect
..\main.c(990): warning:  #174-D: expression has no effect
..\main.c(991): warning:  #174-D: expression has no effect
..\main.c(992): warning:  #174-D: expression has no effect
..\main.c(993): warning:  #174-D: expression has no effect
..\main.c(994): warning:  #174-D: expression has no effect
compiling stm32f0xx_it.c...
compiling system_stm32f0xx.c...
compiling stm32f0xx_rcc.c...
compiling stm32f0xx_misc.c...
compiling stm32f0xx_gpio.c...
compiling stm32f0xx_syscfg.c...
compiling stm32f0xx_exti.c...
compiling stm32f0xx_tim.c...
compiling stm32f0xx_adc.c...
compiling stm32f0xx_usart.c...
compiling stm32f0xx_i2c.c...
compiling stm32f0xx_spi.c...
assembling startup_stm32f0xx.s...
linking...
Program Size: Code=1820 RO-data=224 RW-data=28 ZI-data=1028  
FromELF: creating hex file...
".\TIM_PWM_Output\TIM_PWM_Output.axf" - 0 Errors, 18 Warning(s).
Rebuild target 'TIM_PWM_Output'
compiling main.c...
..\main.c(957): warning:  #174-D: expression has no effect
..\main.c(958): warning:  #174-D: expression has no effect
..\main.c(959): warning:  #174-D: expression has no effect
..\main.c(960): warning:  #174-D: expression has no effect
..\main.c(961): warning:  #174-D: expression has no effect
..\main.c(962): warning:  #174-D: expression has no effect
..\main.c(973): warning:  #174-D: expression has no effect
..\main.c(974): warning:  #174-D: expression has no effect
..\main.c(975): warning:  #174-D: expression has no effect
..\main.c(976): warning:  #174-D: expression has no effect
..\main.c(977): warning:  #174-D: expression has no effect
..\main.c(978): warning:  #174-D: expression has no effect
..\main.c(989): warning:  #174-D: expression has no effect
..\main.c(990): warning:  #174-D: expression has no effect
..\main.c(991): warning:  #174-D: expression has no effect
..\main.c(992): warning:  #174-D: expression has no effect
..\main.c(993): warning:  #174-D: expression has no effect
..\main.c(994): warning:  #174-D: expression has no effect
compiling stm32f0xx_it.c...
compiling system_stm32f0xx.c...
compiling stm32f0xx_rcc.c...
compiling stm32f0xx_misc.c...
compiling stm32f0xx_gpio.c...
compiling stm32f0xx_syscfg.c...
compiling stm32f0xx_exti.c...
compiling stm32f0xx_tim.c...
compiling stm32f0xx_adc.c...
compiling stm32f0xx_usart.c...
compiling stm32f0xx_i2c.c...
compiling stm32f0xx_spi.c...
assembling startup_stm32f0xx.s...
linking...
Program Size: Code=1820 RO-data=224 RW-data=28 ZI-data=1028  
FromELF: creating hex file...
".\TIM_PWM_Output\TIM_PWM_Output.axf" - 0 Errors, 18 Warning(s).
